// Jest Snapshot v1, https://goo.gl/fbAQLP

exports[`<BasicPage /> should render the component correctly 1`] = `
<div>
  <div
    class="css-0"
  >
    <h1>
      Test
    </h1>
  </div>
</div>
`;
