// Jest Snapshot v1, https://goo.gl/fbAQLP

exports[`<Main /> should render the heading 1`] = `
<div
  class="css-0"
>
  <h1>
    Main Component
  </h1>
</div>
`;
